// Jest Snapshot v1, https://goo.gl/fbAQLP

exports[`Image Info can return it all 1`] = `
Object {
  "base64": "data:image/jpeg;base64,/9j/2wBDAAYEBQYFBAYGBQYHBwYIChAKCgkJChQODwwQFxQYGBcUFhYaHSUfGhsjHBYWICwgIyYnKSopGR8tMC0oMCUoKSj/2wBDAQcHBwoIChMKChMoGhYaKCgoKCgoKCgoKCgoKCgoKCgoKCgoKCgoKCgoKCgoKCgoKCgoKCgoKCgoKCgoKCgoKCj/wAARCAAQABADASIAAhEBAxEB/8QAFwAAAwEAAAAAAAAAAAAAAAAABAUGCP/EACMQAAICAQMEAwEAAAAAAAAAAAECAxEEAAUSBiExURMUQfD/xAAUAQEAAAAAAAAAAAAAAAAAAAAA/8QAFBEBAAAAAAAAAAAAAAAAAAAAAP/aAAwDAQACEQMRAD8AyzjoJciND4ZgD30/652PG2LcsWHDaYxT44m4zFSynkynupqjwseDRFi9T+O6xzxvInyIrAsl1yHq/wA0d1Bu0u87h9iRFiREWKKJSSI41FBbP96odtB//9k=",
  "height": 2600,
  "type": "jpg",
  "url": "https://starflow.com/images/Valeria_Gusmao.jpg",
  "width": 2600,
}
`;
