// Jest Snapshot v1, https://goo.gl/fbAQLP

exports[`Image Info can return it all 1`] = `
Object {
  "base64": "data:image/jpeg;base64,/9j/2wBDAAYEBQYFBAYGBQYHBwYIChAKCgkJChQODwwQFxQYGBcUFhYaHSUfGhsjHBYWICwgIyYnKSopGR8tMC0oMCUoKSj/2wBDAQcHBwoIChMKChMoGhYaKCgoKCgoKCgoKCgoKCgoKCgoKCgoKCgoKCgoKCgoKCgoKCgoKCgoKCgoKCgoKCgoKCj/wAARCAAgACADASIAAhEBAxEB/8QAGgAAAQUBAAAAAAAAAAAAAAAABgECAwUHBP/EACkQAAEEAQIFAgcAAAAAAAAAAAEAAgMRBCEyBRIxQVEU4SJSYXGRobH/xAAXAQADAQAAAAAAAAAAAAAAAAACAwQF/8QAGxEBAAMAAwEAAAAAAAAAAAAAAQACEQMjQSH/2gAMAwEAAhEDEQA/AMdmwmVbTd9fomeiAF1+leQQxvGrbCU4pbsojxS0sJBV8g87DUbsYN7IjOPJW3X+qGTDJOoQuRgMhweJNczmc1zQNNaVgMxnUuA7AVuPgflBOfFJkfDHOYoiK5AwHt5XHFwsgnmynkEfL7qO1uRMGVVpxjqbNJx82NoLwWnsdbo17pxzcYCn0HIEgjbDjvhBc5r95cd33TuYhgaNGjoAh7PWM68+E//Z",
  "color": "#333b4a",
  "height": 200,
  "url": "https://i.picsum.photos/id/869/200/200.jpg?hmac=Eqnjw4kAS1sFTick74KSN6CBN01wmQg8OpxqbGtdyCU",
  "width": 200,
}
`;

exports[`Image Info can return it all 2`] = `
Object {
  "base64": "data:image/jpeg;base64,/9j/2wBDAAYEBQYFBAYGBQYHBwYIChAKCgkJChQODwwQFxQYGBcUFhYaHSUfGhsjHBYWICwgIyYnKSopGR8tMC0oMCUoKSj/2wBDAQcHBwoIChMKChMoGhYaKCgoKCgoKCgoKCgoKCgoKCgoKCgoKCgoKCgoKCgoKCgoKCgoKCgoKCgoKCgoKCgoKCj/wAARCAAgACADASIAAhEBAxEB/8QAGAABAQEBAQAAAAAAAAAAAAAABwUGAAL/xAApEAACAgEEAQQCAQUAAAAAAAABAgMRBAUSITEABgcTUUFhFDNScYGR/8QAFwEAAwEAAAAAAAAAAAAAAAAAAAIDAf/EABwRAAICAwEBAAAAAAAAAAAAAAECABEDEkEhMf/aAAwDAQACEQMRAD8A3Xsl7YDT44tb12JWnKq2PCy1tsXuYf74Hjf5B9J65Dq2BGtLHkRou+ICq+iP0a48veSxFSuw7NIo1OIsUfAH3mxdPwJymmuDIq7jEjf07ro/Rvr91RvxQ9Z+qBpYGLiBZMhxyd3Mf0SOyCR0O/An1RlPrG7+I6rnfJvaB5NwmLXyt/dbdv5F0SO5ZnDHQSiL2aT0r6jTF0uRhK6s0gX5UUFBsC3W382w74o/RoVs73XyJJciPFjHxslIGHINc81VcE8m/CnVco4ulYGJkMUMMZkjVnXbHKWFqtcUBzRuwewQPMxhZrT42YTB8ygC3aSIFe/71Jb/AApH/TfiopHg+RmqJvrDVknjTIjnLLkx7hIyq7mQkgpt/VHm62jsAncb6lntly7Y3I3E0kblhJZHR7IsXZI/VVx7XLbJ0WShF8mMA5ttrODQNtxwCi8XzZNdAxMyVViJhJRqKyGivQ27V/IsUT3zV9UBUo3Az//Z",
  "color": "#908a7d",
  "height": 300,
  "url": "https://i.picsum.photos/id/315/200/300.jpg?hmac=C67WPcnxkaV_SPowHi-8nl3yoODZSBZqnoOdBObP5Ys",
  "width": 200,
}
`;

exports[`Image Info can return it all 3`] = `
Object {
  "base64": "data:image/jpeg;base64,/9j/2wBDAAYEBQYFBAYGBQYHBwYIChAKCgkJChQODwwQFxQYGBcUFhYaHSUfGhsjHBYWICwgIyYnKSopGR8tMC0oMCUoKSj/2wBDAQcHBwoIChMKChMoGhYaKCgoKCgoKCgoKCgoKCgoKCgoKCgoKCgoKCgoKCgoKCgoKCgoKCgoKCgoKCgoKCgoKCj/wAARCAAgACADASIAAhEBAxEB/8QAGAABAQEBAQAAAAAAAAAAAAAABAUHAwb/xAAqEAABAwMACAcBAAAAAAAAAAABAAIDBAUREhMhIzFRgZEGU2FicZKhwf/EABgBAAIDAAAAAAAAAAAAAAAAAAECAAME/8QAGREBAQEBAQEAAAAAAAAAAAAAAQADAhIx/9oADAMBAAIRAxEAPwCtSRDATmsAU2nroAwbxvcJAr6fzG91q6FqSRIwEcFJuMQLSmm403DWs+wUy4XGmwRrWZ+QjmJ9ms7o/EMOgAS4u9wynG9McBoPkHPROFnUcpxhrm9Cu7HkDIkyfUqGjP4L2st42cZjjnMW/wBUesvMrnEua9vLfl34oDpXZA1mOuxFncSDiTHVB0Zjm//Z",
  "color": "#646678",
  "height": 200,
  "url": "https://i.picsum.photos/id/135/200/200.jpg?hmac=uaxfwtA3aJhzzHN36hg2MJi5Rl8nbuqAsipKDDj2seU",
  "width": 200,
}
`;
